// Jest Snapshot v1, https://goo.gl/fbAQLP

exports[`PicColor Test PicColor Render Test 1`] = `
<View
  accessible={true}
  focusable={true}
  isTVSelectable={true}
  onClick={[Function]}
  onResponderGrant={[Function]}
  onResponderMove={[Function]}
  onResponderRelease={[Function]}
  onResponderTerminate={[Function]}
  onResponderTerminationRequest={[Function]}
  onStartShouldSetResponder={[Function]}
  style={
    Object {
      "alignItems": "center",
      "flex": 1,
      "justifyContent": "center",
      "opacity": 1,
    }
  }
>
  <View
    style={
      Array [
        Object {
          "alignItems": "center",
          "alignSelf": "center",
          "backgroundColor": "white",
          "borderRadius": 10,
          "height": 100,
          "paddingTop": 10,
          "textAlign": "center",
        },
        Object {
          "height": 1254,
          "width": 670,
        },
      ]
    }
  >
    <RCTScrollView
      style={
        Object {
          "width": "100%",
        }
      }
    >
      <View>
        <View
          accessible={true}
          focusable={true}
          isTVSelectable={true}
          onClick={[Function]}
          onResponderGrant={[Function]}
          onResponderMove={[Function]}
          onResponderRelease={[Function]}
          onResponderTerminate={[Function]}
          onResponderTerminationRequest={[Function]}
          onStartShouldSetResponder={[Function]}
          style={
            Object {
              "alignItems": "center",
              "alignSelf": "stretch",
              "backgroundColor": "white",
              "opacity": 1,
            }
          }
        >
          <Text
            style={
              Object {
                "fontSize": 16,
                "fontWeight": "bold",
                "margin": 5,
              }
            }
          >
            Red
          </Text>
          <View />
        </View>
        <View
          accessible={true}
          focusable={true}
          isTVSelectable={true}
          onClick={[Function]}
          onResponderGrant={[Function]}
          onResponderMove={[Function]}
          onResponderRelease={[Function]}
          onResponderTerminate={[Function]}
          onResponderTerminationRequest={[Function]}
          onStartShouldSetResponder={[Function]}
          style={
            Object {
              "alignItems": "center",
              "alignSelf": "stretch",
              "backgroundColor": "white",
              "opacity": 1,
            }
          }
        >
          <Text
            style={
              Object {
                "fontSize": 16,
                "fontWeight": "bold",
                "margin": 5,
              }
            }
          >
            Blue
          </Text>
          <View />
        </View>
        <View
          accessible={true}
          focusable={true}
          isTVSelectable={true}
          onClick={[Function]}
          onResponderGrant={[Function]}
          onResponderMove={[Function]}
          onResponderRelease={[Function]}
          onResponderTerminate={[Function]}
          onResponderTerminationRequest={[Function]}
          onStartShouldSetResponder={[Function]}
          style={
            Object {
              "alignItems": "center",
              "alignSelf": "stretch",
              "backgroundColor": "white",
              "opacity": 1,
            }
          }
        >
          <Text
            style={
              Object {
                "fontSize": 16,
                "fontWeight": "bold",
                "margin": 5,
              }
            }
          >
            Yellow
          </Text>
          <View />
        </View>
        <View
          accessible={true}
          focusable={true}
          isTVSelectable={true}
          onClick={[Function]}
          onResponderGrant={[Function]}
          onResponderMove={[Function]}
          onResponderRelease={[Function]}
          onResponderTerminate={[Function]}
          onResponderTerminationRequest={[Function]}
          onStartShouldSetResponder={[Function]}
          style={
            Object {
              "alignItems": "center",
              "alignSelf": "stretch",
              "backgroundColor": "white",
              "opacity": 1,
            }
          }
        >
          <Text
            style={
              Object {
                "fontSize": 16,
                "fontWeight": "bold",
                "margin": 5,
              }
            }
          >
            Orange
          </Text>
          <View />
        </View>
        <View
          accessible={true}
          focusable={true}
          isTVSelectable={true}
          onClick={[Function]}
          onResponderGrant={[Function]}
          onResponderMove={[Function]}
          onResponderRelease={[Function]}
          onResponderTerminate={[Function]}
          onResponderTerminationRequest={[Function]}
          onStartShouldSetResponder={[Function]}
          style={
            Object {
              "alignItems": "center",
              "alignSelf": "stretch",
              "backgroundColor": "white",
              "opacity": 1,
            }
          }
        >
          <Text
            style={
              Object {
                "fontSize": 16,
                "fontWeight": "bold",
                "margin": 5,
              }
            }
          >
            Green
          </Text>
          <View />
        </View>
        <View
          accessible={true}
          focusable={true}
          isTVSelectable={true}
          onClick={[Function]}
          onResponderGrant={[Function]}
          onResponderMove={[Function]}
          onResponderRelease={[Function]}
          onResponderTerminate={[Function]}
          onResponderTerminationRequest={[Function]}
          onStartShouldSetResponder={[Function]}
          style={
            Object {
              "alignItems": "center",
              "alignSelf": "stretch",
              "backgroundColor": "white",
              "opacity": 1,
            }
          }
        >
          <Text
            style={
              Object {
                "fontSize": 16,
                "fontWeight": "bold",
                "margin": 5,
              }
            }
          >
            Gray
          </Text>
          <View />
        </View>
        <View
          accessible={true}
          focusable={true}
          isTVSelectable={true}
          onClick={[Function]}
          onResponderGrant={[Function]}
          onResponderMove={[Function]}
          onResponderRelease={[Function]}
          onResponderTerminate={[Function]}
          onResponderTerminationRequest={[Function]}
          onStartShouldSetResponder={[Function]}
          style={
            Object {
              "alignItems": "center",
              "alignSelf": "stretch",
              "backgroundColor": "white",
              "opacity": 1,
            }
          }
        >
          <Text
            style={
              Object {
                "fontSize": 16,
                "fontWeight": "bold",
                "margin": 5,
              }
            }
          >
            Black
          </Text>
          <View />
        </View>
        <View
          accessible={true}
          focusable={true}
          isTVSelectable={true}
          onClick={[Function]}
          onResponderGrant={[Function]}
          onResponderMove={[Function]}
          onResponderRelease={[Function]}
          onResponderTerminate={[Function]}
          onResponderTerminationRequest={[Function]}
          onStartShouldSetResponder={[Function]}
          style={
            Object {
              "alignItems": "center",
              "alignSelf": "stretch",
              "backgroundColor": "white",
              "opacity": 1,
            }
          }
        >
          <Text
            style={
              Object {
                "fontSize": 16,
                "fontWeight": "bold",
                "margin": 5,
              }
            }
          >
            Purple
          </Text>
          <View />
        </View>
        <View
          accessible={true}
          focusable={true}
          isTVSelectable={true}
          onClick={[Function]}
          onResponderGrant={[Function]}
          onResponderMove={[Function]}
          onResponderRelease={[Function]}
          onResponderTerminate={[Function]}
          onResponderTerminationRequest={[Function]}
          onStartShouldSetResponder={[Function]}
          style={
            Object {
              "alignItems": "center",
              "alignSelf": "stretch",
              "backgroundColor": "white",
              "opacity": 1,
            }
          }
        >
          <Text
            style={
              Object {
                "fontSize": 16,
                "fontWeight": "bold",
                "margin": 5,
              }
            }
          >
            Pink
          </Text>
          <View />
        </View>
        <View
          accessible={true}
          focusable={true}
          isTVSelectable={true}
          onClick={[Function]}
          onResponderGrant={[Function]}
          onResponderMove={[Function]}
          onResponderRelease={[Function]}
          onResponderTerminate={[Function]}
          onResponderTerminationRequest={[Function]}
          onStartShouldSetResponder={[Function]}
          style={
            Object {
              "alignItems": "center",
              "alignSelf": "stretch",
              "backgroundColor": "white",
              "opacity": 1,
            }
          }
        >
          <Text
            style={
              Object {
                "fontSize": 16,
                "fontWeight": "bold",
                "margin": 5,
              }
            }
          >
            Brown
          </Text>
          <View />
        </View>
        <View
          accessible={true}
          focusable={true}
          isTVSelectable={true}
          onClick={[Function]}
          onResponderGrant={[Function]}
          onResponderMove={[Function]}
          onResponderRelease={[Function]}
          onResponderTerminate={[Function]}
          onResponderTerminationRequest={[Function]}
          onStartShouldSetResponder={[Function]}
          style={
            Object {
              "alignItems": "center",
              "alignSelf": "stretch",
              "backgroundColor": "white",
              "opacity": 1,
            }
          }
        >
          <Text
            style={
              Object {
                "fontSize": 16,
                "fontWeight": "bold",
                "margin": 5,
              }
            }
          >
            Navy
          </Text>
          <View />
        </View>
        <View
          accessible={true}
          focusable={true}
          isTVSelectable={true}
          onClick={[Function]}
          onResponderGrant={[Function]}
          onResponderMove={[Function]}
          onResponderRelease={[Function]}
          onResponderTerminate={[Function]}
          onResponderTerminationRequest={[Function]}
          onStartShouldSetResponder={[Function]}
          style={
            Object {
              "alignItems": "center",
              "alignSelf": "stretch",
              "backgroundColor": "white",
              "opacity": 1,
            }
          }
        >
          <Text
            style={
              Object {
                "fontSize": 16,
                "fontWeight": "bold",
                "margin": 5,
              }
            }
          >
            Fuchsia
          </Text>
          <View />
        </View>
        <View
          accessible={true}
          focusable={true}
          isTVSelectable={true}
          onClick={[Function]}
          onResponderGrant={[Function]}
          onResponderMove={[Function]}
          onResponderRelease={[Function]}
          onResponderTerminate={[Function]}
          onResponderTerminationRequest={[Function]}
          onStartShouldSetResponder={[Function]}
          style={
            Object {
              "alignItems": "center",
              "alignSelf": "stretch",
              "backgroundColor": "white",
              "opacity": 1,
            }
          }
        >
          <Text
            style={
              Object {
                "fontSize": 16,
                "fontWeight": "bold",
                "margin": 5,
              }
            }
          >
            Silver
          </Text>
        </View>
      </View>
    </RCTScrollView>
    <View
      accessible={true}
      focusable={true}
      isTVSelectable={true}
      onClick={[Function]}
      onResponderGrant={[Function]}
      onResponderMove={[Function]}
      onResponderRelease={[Function]}
      onResponderTerminate={[Function]}
      onResponderTerminationRequest={[Function]}
      onStartShouldSetResponder={[Function]}
      style={
        Array [
          Object {
            "alignItems": "center",
            "alignSelf": "stretch",
            "backgroundColor": "white",
            "borderRadius": 10,
            "flex": 1,
            "paddingVertical": 10,
          },
          Object {
            "backgroundColor": "orange",
          },
        ]
      }
    >
      <Text
        style={
          Object {
            "fontSize": 16,
            "fontWeight": "bold",
            "margin": 5,
          }
        }
      >
        Choose color
      </Text>
    </View>
  </View>
</View>
`;
